INFO:root:dotenv imported
INFO:root:livekit.agents imported
